// Jest Snapshot v1, https://goo.gl/fbAQLP

exports[`<CompanyLink /> renders link 1`] = `
<Styled(div)>
  Dummy company
</Styled(div)>
`;
